Microchip MPLAB XC8 Compiler V2.10 ()

Linker command line:

-W-3 --edf=C:\Program Files (x86)\Microchip\xc8\v2.10\pic\dat\en_msgs.txt \
  -cs \
  -h+dist/default/production\pic18f57q43-dma-uart-to-pwm-part2.X.production.sym \
  --cmf=dist/default/production\pic18f57q43-dma-uart-to-pwm-part2.X.production.cmf \
  -z -Q18F57Q43 -oC:\Users\C51503\AppData\Local\Temp\s2vvo.2 \
  --defsym=__MPLAB_BUILD=1 \
  -Mdist/default/production/pic18f57q43-dma-uart-to-pwm-part2.X.production.map \
  -E1 -ver=XC8 --acfsm=1493 -ASTACK=0560h-024FFh -pstack=STACK \
  -ACODE=00h-01FFFFh -ACONST=00h-01FFFFh -ASMALLCONST=02500h-025FFhx475 \
  -AMEDIUMCONST=02500h-0FFFFh,012500h-01FFFFh -ACOMRAM=0501h-055Fh \
  -AABS1=0500h-024FFh -ABIGRAM=0501h-024FFh \
  -ARAM=0560h-05FFh,0600h-06FFhx31 -ABANK5=0560h-05FFh -ABANK6=0600h-06FFh \
  -ABANK7=0700h-07FFh -ABANK8=0800h-08FFh -ABANK9=0900h-09FFh \
  -ABANK10=0A00h-0AFFh -ABANK11=0B00h-0BFFh -ABANK12=0C00h-0CFFh \
  -ABANK13=0D00h-0DFFh -ABANK14=0E00h-0EFFh -ABANK15=0F00h-0FFFh \
  -ABANK16=01000h-010FFh -ABANK17=01100h-011FFh -ABANK18=01200h-012FFh \
  -ABANK19=01300h-013FFh -ABANK20=01400h-014FFh -ABANK21=01500h-015FFh \
  -ABANK22=01600h-016FFh -ABANK23=01700h-017FFh -ABANK24=01800h-018FFh \
  -ABANK25=01900h-019FFh -ABANK26=01A00h-01AFFh -ABANK27=01B00h-01BFFh \
  -ABANK28=01C00h-01CFFh -ABANK29=01D00h-01DFFh -ABANK30=01E00h-01EFFh \
  -ABANK31=01F00h-01FFFh -ABANK32=02000h-020FFh -ABANK33=02100h-021FFh \
  -ABANK34=02200h-022FFh -ABANK35=02300h-023FFh -ABANK36=02400h-024FFh \
  -ASFR=00h-0FFhx4,0400h-045Fh,0460h-04FFh -preset_vec=00h \
  -ppowerup=CODE,init -pramtop=02500h -psmallconst=SMALLCONST \
  -pmediumconst=MEDIUMCONST -pconst=CONST -AFARRAM=00h-00h \
  -ACONFIG=0300000h-0300011h -pconfig=CONFIG -AIDLOC=0200000h-020001Fh \
  -pidloc=IDLOC -AEEDATA=0380000h-03803FFh -peeprom_data=EEDATA \
  -prdata=COMRAM,nvrram=COMRAM,nvbit=COMRAM,rbss=COMRAM,rbit=COMRAM \
  -pfarbss=FARRAM,fardata=FARRAM,nvFARRAM=FARRAM \
  -pintsave_regs=BIGRAM,bigbss=BIGRAM,bigdata=BIGRAM -pbss=RAM \
  -pidata=CODE,irdata=CODE,ibigdata=CODE,ifardata=CODE -prparam=COMRAM \
  C:\Users\C51503\AppData\Local\Temp\s2vvo.o \
  dist/default/production\pic18f57q43-dma-uart-to-pwm-part2.X.production.o 

Object code version is 3.11

Machine type is 18F57Q43

Call graph: (short form)




                Name                               Link     Load   Length Selector   Space Scale
C:\Users\C51503\AppData\Local\Temp\s2vvo.o
                init                              1FFFC    1FFFC        4     FFFE       0
                reset_vec                             0        0        4        0       0
                idloc                            200000   200000       20   200000       0
                config                           300000   300000        A   300000       0
dist/default/production\pic18f57q43-dma-uart-to-pwm-part2.X.production.o
                text14                            1FE18    1FE18       4C     FF0C       0
                text13                            1FDBA    1FDBA       1C     FEDD       0
                text12                            1FF46    1FF46       B6     FFA3       0
                text11                            1FDF4    1FDF4       24     FEFA       0
                text10                            1FD42    1FD42       14     FEA1       0
                text9                             1FD56    1FD56       14     FEAB       0
                text8                             1FD6A    1FD6A       14     FEB5       0
                text7                             1FECC    1FECC       7A     FF66       0
                text6                             1FD34    1FD34        E     FE9A       0
                text5                             1FD7E    1FD7E       14     FEBF       0
                text4                             1FD92    1FD92       14     FEC9       0
                text3                             1FDA6    1FDA6       14     FED3       0
                text2                             1FE64    1FE64       68     FF32       0
                text1                             1FDD6    1FDD6       1E     FEEB       0
                text0                             1FD28    1FD28        C     FE94       0
                cstackCOMRAM                        513      513        3      501       1
                bssCOMRAM                           516      516        1      501       1
                cinit                             1FD20    1FD20        8     FE90       0
                nvCOMRAM                            501      501       12      501       1

TOTAL           Name                               Link     Load   Length     Space
        CLASS   STACK          

        CLASS   CODE           
                init                              1FFFC    1FFFC        4         0
                reset_vec                             0        0        4         0
                text14                            1FE18    1FE18       4C         0
                text13                            1FDBA    1FDBA       1C         0
                text12                            1FF46    1FF46       B6         0
                text11                            1FDF4    1FDF4       24         0
                text10                            1FD42    1FD42       14         0
                text9                             1FD56    1FD56       14         0
                text8                             1FD6A    1FD6A       14         0
                text7                             1FECC    1FECC       7A         0
                text6                             1FD34    1FD34        E         0
                text5                             1FD7E    1FD7E       14         0
                text4                             1FD92    1FD92       14         0
                text3                             1FDA6    1FDA6       14         0
                text2                             1FE64    1FE64       68         0
                text1                             1FDD6    1FDD6       1E         0
                text0                             1FD28    1FD28        C         0
                cinit                             1FD20    1FD20        8         0

        CLASS   CONST          

        CLASS   SMALLCONST     

        CLASS   MEDIUMCONST    

        CLASS   COMRAM         
                cstackCOMRAM                        513      513        3         1
                bssCOMRAM                           516      516        1         1
                nvCOMRAM                            501      501       12         1

        CLASS   ABS1           

        CLASS   BIGRAM         

        CLASS   RAM            

        CLASS   BANK5          

        CLASS   BANK6          

        CLASS   BANK7          

        CLASS   BANK8          

        CLASS   BANK9          

        CLASS   BANK10         

        CLASS   BANK11         

        CLASS   BANK12         

        CLASS   BANK13         

        CLASS   BANK14         

        CLASS   BANK15         

        CLASS   BANK16         

        CLASS   BANK17         

        CLASS   BANK18         

        CLASS   BANK19         

        CLASS   BANK20         

        CLASS   BANK21         

        CLASS   BANK22         

        CLASS   BANK23         

        CLASS   BANK24         

        CLASS   BANK25         

        CLASS   BANK26         

        CLASS   BANK27         

        CLASS   BANK28         

        CLASS   BANK29         

        CLASS   BANK30         

        CLASS   BANK31         

        CLASS   BANK32         

        CLASS   BANK33         

        CLASS   BANK34         

        CLASS   BANK35         

        CLASS   BANK36         

        CLASS   SFR            

        CLASS   FARRAM         

        CLASS   CONFIG         
                config                           300000   300000        A         0

        CLASS   IDLOC          
                idloc                            200000   200000       20         0

        CLASS   EEDATA         



SEGMENTS        Name                           Load    Length   Top    Selector   Space  Class

                reset_vec                      000000  000004  000004         0       0  CODE    
                nvCOMRAM                       000501  000016  000517       501       1  COMRAM  
                cinit                          01FD20  000008  01FD28      FE90       0  CODE    
                text0                          01FD28  00000C  01FD34      FE94       0  CODE    
                text6                          01FD34  00000E  01FD42      FE9A       0  CODE    
                text10                         01FD42  000014  01FD56      FEA1       0  CODE    
                text9                          01FD56  000014  01FD6A      FEAB       0  CODE    
                text8                          01FD6A  000014  01FD7E      FEB5       0  CODE    
                text5                          01FD7E  000014  01FD92      FEBF       0  CODE    
                text4                          01FD92  000014  01FDA6      FEC9       0  CODE    
                text3                          01FDA6  000014  01FDBA      FED3       0  CODE    
                text13                         01FDBA  00001C  01FDD6      FEDD       0  CODE    
                text1                          01FDD6  00001E  01FDF4      FEEB       0  CODE    
                text11                         01FDF4  000024  01FE18      FEFA       0  CODE    
                text14                         01FE18  00004C  01FE64      FF0C       0  CODE    
                text2                          01FE64  000068  01FECC      FF32       0  CODE    
                text7                          01FECC  00007A  01FF46      FF66       0  CODE    
                text12                         01FF46  0000B6  01FFFC      FFA3       0  CODE    
                init                           01FFFC  000004  020000      FFFE       0  CODE    
                idloc                          200000  000020  200020    200000       0  IDLOC   
                config                         300000  00000A  30000A    300000       0  CONFIG  


UNUSED ADDRESS RANGES

        Name                Unused          Largest block    Delta
        BANK10           000A00-000AFF              100
        BANK11           000B00-000BFF              100
        BANK12           000C00-000CFF              100
        BANK13           000D00-000DFF              100
        BANK14           000E00-000EFF              100
        BANK15           000F00-000FFF              100
        BANK16           001000-0010FF              100
        BANK17           001100-0011FF              100
        BANK18           001200-0012FF              100
        BANK19           001300-0013FF              100
        BANK20           001400-0014FF              100
        BANK21           001500-0015FF              100
        BANK22           001600-0016FF              100
        BANK23           001700-0017FF              100
        BANK24           001800-0018FF              100
        BANK25           001900-0019FF              100
        BANK26           001A00-001AFF              100
        BANK27           001B00-001BFF              100
        BANK28           001C00-001CFF              100
        BANK29           001D00-001DFF              100
        BANK30           001E00-001EFF              100
        BANK31           001F00-001FFF              100
        BANK32           002000-0020FF              100
        BANK33           002100-0021FF              100
        BANK34           002200-0022FF              100
        BANK35           002300-0023FF              100
        BANK36           002400-0024FF              100
        BANK5            000560-0005FF               A0
        BANK6            000600-0006FF              100
        BANK7            000700-0007FF              100
        BANK8            000800-0008FF              100
        BANK9            000900-0009FF              100
        BIGRAM           000517-0024FF             1FE9
        CODE             000004-01FD1F            1FD1C
        COMRAM           000517-00055F               49
        CONFIG           30000A-300011                8
        CONST            000004-01FD1F            1FD1C
        EEDATA           380000-3803FF              400
        MEDIUMCONST      002500-00FFFF             DB00
                         012500-01FD1F             D820
        RAM              000560-0024FF              100
        SFR              000000-0004FF              100
        SMALLCONST       002500-01FD1F              100
        STACK            000560-0024FF             1FA0

                                  Symbol Table

PWM1_16BIT_Period_SetInterruptHandler@InterruptHandler        cstackCOMRAM 000513
PWM1_16BIT_Slice1Output1_SetInterruptHandler@InterruptHandler cstackCOMRAM 000513
PWM1_16BIT_Slice1Output2_SetInterruptHandler@InterruptHandler cstackCOMRAM 000513
UART3_SetErrorHandler@interruptHandler                        cstackCOMRAM 000513
UART3_SetFramingErrorHandler@interruptHandler                 cstackCOMRAM 000513
UART3_SetOverrunErrorHandler@interruptHandler                 cstackCOMRAM 000513
_ACTCON                                                       (abs)        0000AC
_ANSELA                                                       (abs)        000400
_ANSELB                                                       (abs)        000408
_ANSELC                                                       (abs)        000410
_ANSELD                                                       (abs)        000418
_ANSELE                                                       (abs)        000420
_ANSELF                                                       (abs)        000428
_DMA1PR                                                       (abs)        0000B6
_DMA1_Initialize                                              text14       01FE18
_DMASELECT                                                    (abs)        0000E8
_DMAnAIRQ                                                     (abs)        0000FE
_DMAnCON0                                                     (abs)        0000FC
_DMAnCON0bits                                                 (abs)        0000FC
_DMAnCON1                                                     (abs)        0000FD
_DMAnCON1bits                                                 (abs)        0000FD
_DMAnDPTR                                                     (abs)        0000EC
_DMAnDSA                                                      (abs)        0000F0
_DMAnDSZ                                                      (abs)        0000EE
_DMAnSIRQ                                                     (abs)        0000FF
_DMAnSPTR                                                     (abs)        0000F4
_DMAnSSA                                                      (abs)        0000F9
_DMAnSSZ                                                      (abs)        0000F7
_INLVLA                                                       (abs)        000404
_INLVLB                                                       (abs)        00040C
_INLVLC                                                       (abs)        000414
_INLVLD                                                       (abs)        00041C
_INLVLE                                                       (abs)        000424
_INLVLF                                                       (abs)        00042C
_LATA                                                         (abs)        0004BE
_LATB                                                         (abs)        0004BF
_LATC                                                         (abs)        0004C0
_LATD                                                         (abs)        0004C1
_LATE                                                         (abs)        0004C2
_LATF                                                         (abs)        0004C3
_ODCONA                                                       (abs)        000402
_ODCONB                                                       (abs)        00040A
_ODCONC                                                       (abs)        000412
_ODCOND                                                       (abs)        00041A
_ODCONE                                                       (abs)        000422
_ODCONF                                                       (abs)        00042A
_OSCCON1                                                      (abs)        0000AD
_OSCCON3                                                      (abs)        0000AF
_OSCEN                                                        (abs)        0000B3
_OSCFRQ                                                       (abs)        0000B1
_OSCILLATOR_Initialize                                        text13       01FDBA
_OSCTUNE                                                      (abs)        0000B0
_PIE2bits                                                     (abs)        0004A0
_PIE4bits                                                     (abs)        0004A2
_PIN_MANAGER_Initialize                                       text12       01FF46
_PIR2bits                                                     (abs)        0004B0
_PIR4bits                                                     (abs)        0004B2
_PIR9bits                                                     (abs)        0004B7
_PMD0                                                         (abs)        000060
_PMD1                                                         (abs)        000061
_PMD3                                                         (abs)        000063
_PMD4                                                         (abs)        000064
_PMD5                                                         (abs)        000065
_PMD6                                                         (abs)        000066
_PMD7                                                         (abs)        000067
_PMD8                                                         (abs)        000068
_PMD_Initialize                                               text11       01FDF4
_PRLOCK                                                       (abs)        0000B4
_PRLOCKbits                                                   (abs)        0000B4
_PWM1CLK                                                      (abs)        000461
_PWM1CON                                                      (abs)        000469
_PWM1CONbits                                                  (abs)        000469
_PWM1CPRE                                                     (abs)        000465
_PWM1ERS                                                      (abs)        000460
_PWM1ERSPPS                                                   (abs)        000253
_PWM1GIE                                                      (abs)        000468
_PWM1GIEbits                                                  (abs)        000468
_PWM1GIR                                                      (abs)        000467
_PWM1GIRbits                                                  (abs)        000467
_PWM1LDS                                                      (abs)        000462
_PWM1PIPOS                                                    (abs)        000466
_PWM1PRH                                                      (abs)        000464
_PWM1PRL                                                      (abs)        000463
_PWM1S1CFG                                                    (abs)        00046A
_PWM1S1P1H                                                    (abs)        00046C
_PWM1S1P1L                                                    (abs)        00046B
_PWM1S1P2H                                                    (abs)        00046E
_PWM1S1P2L                                                    (abs)        00046D
_PWM1_16BIT_Initialize                                        text7        01FECC
_PWM1_16BIT_Period_DefaultInterruptHandler                    (abs)        000000
_PWM1_16BIT_Period_InterruptHandler                           nvCOMRAM     000501
_PWM1_16BIT_Period_SetInterruptHandler                        text10       01FD42
_PWM1_16BIT_Slice1Output1_DefaultInterruptHandler             (abs)        000000
_PWM1_16BIT_Slice1Output1_InterruptHandler                    nvCOMRAM     000507
_PWM1_16BIT_Slice1Output1_SetInterruptHandler                 text9        01FD56
_PWM1_16BIT_Slice1Output2_DefaultInterruptHandler             (abs)        000000
_PWM1_16BIT_Slice1Output2_InterruptHandler                    nvCOMRAM     000504
_PWM1_16BIT_Slice1Output2_SetInterruptHandler                 text8        01FD6A
_PWMIN0PPS                                                    (abs)        000257
_RA3PPS                                                       (abs)        000204
_RB1I2C                                                       (abs)        000289
_RB2I2C                                                       (abs)        000288
_RC3I2C                                                       (abs)        000287
_RC4I2C                                                       (abs)        000286
_RF3PPS                                                       (abs)        00022C
_SLRCONA                                                      (abs)        000403
_SLRCONB                                                      (abs)        00040B
_SLRCONC                                                      (abs)        000413
_SLRCOND                                                      (abs)        00041B
_SLRCONE                                                      (abs)        000423
_SLRCONF                                                      (abs)        00042B
_SYSTEM_Initialize                                            text1        01FDD6
_SystemArbiter_Initialize                                     text6        01FD34
_TRISA                                                        (abs)        0004C6
_TRISB                                                        (abs)        0004C7
_TRISC                                                        (abs)        0004C8
_TRISD                                                        (abs)        0004C9
_TRISE                                                        (abs)        0004CA
_TRISF                                                        (abs)        0004CB
_U3BRGH                                                       (abs)        0002D5
_U3BRGL                                                       (abs)        0002D4
_U3CON0                                                       (abs)        0002D1
_U3CON0bits                                                   (abs)        0002D1
_U3CON1                                                       (abs)        0002D2
_U3CON2                                                       (abs)        0002D3
_U3ERRIE                                                      (abs)        0002D9
_U3ERRIR                                                      (abs)        0002D8
_U3ERRIRbits                                                  (abs)        0002D8
_U3FIFO                                                       (abs)        0002D6
_U3P1L                                                        (abs)        0002CB
_U3P2L                                                        (abs)        0002CD
_U3P3L                                                        (abs)        0002CF
_U3RXB                                                        (abs)        0002C7
_U3RXPPS                                                      (abs)        000276
_U3TXB                                                        (abs)        0002C9
_U3UIR                                                        (abs)        0002D7
_UART3_DefaultErrorHandler                                    (abs)        000000
_UART3_DefaultFramingErrorHandler                             (abs)        000000
_UART3_DefaultOverrunErrorHandler                             (abs)        000000
_UART3_ErrorHandler                                           nvCOMRAM     00050A
_UART3_FramingErrorHandler                                    nvCOMRAM     000510
_UART3_Initialize                                             text2        01FE64
_UART3_OverrunErrorHandler                                    nvCOMRAM     00050D
_UART3_SetErrorHandler                                        text5        01FD7E
_UART3_SetFramingErrorHandler                                 text4        01FD92
_UART3_SetOverrunErrorHandler                                 text3        01FDA6
_WPUA                                                         (abs)        000401
_WPUB                                                         (abs)        000409
_WPUC                                                         (abs)        000411
_WPUD                                                         (abs)        000419
_WPUE                                                         (abs)        000421
_WPUF                                                         (abs)        000429
__CFG_BBEN$OFF                                                (abs)        000000
__CFG_BBSIZE$BBSIZE_512                                       (abs)        000000
__CFG_BOREN$SBORDIS                                           (abs)        000000
__CFG_BORV$VBOR_1P9                                           (abs)        000000
__CFG_CLKOUTEN$OFF                                            (abs)        000000
__CFG_CP$OFF                                                  (abs)        000000
__CFG_CSWEN$ON                                                (abs)        000000
__CFG_DEBUG$OFF                                               (abs)        000000
__CFG_FCMEN$ON                                                (abs)        000000
__CFG_FEXTOSC$OFF                                             (abs)        000000
__CFG_IVT1WAY$ON                                              (abs)        000000
__CFG_LPBOREN$OFF                                             (abs)        000000
__CFG_LVP$ON                                                  (abs)        000000
__CFG_MCLRE$EXTMCLR                                           (abs)        000000
__CFG_MVECEN$OFF                                              (abs)        000000
__CFG_PPS1WAY$ON                                              (abs)        000000
__CFG_PR1WAY$ON                                               (abs)        000000
__CFG_PWRTS$PWRT_OFF                                          (abs)        000000
__CFG_RSTOSC$HFINTOSC_1MHZ                                    (abs)        000000
__CFG_SAFEN$OFF                                               (abs)        000000
__CFG_STVREN$ON                                               (abs)        000000
__CFG_WDTCCS$SC                                               (abs)        000000
__CFG_WDTCPS$WDTCPS_31                                        (abs)        000000
__CFG_WDTCWS$WDTCWS_7                                         (abs)        000000
__CFG_WDTE$OFF                                                (abs)        000000
__CFG_WRTAPP$OFF                                              (abs)        000000
__CFG_WRTB$OFF                                                (abs)        000000
__CFG_WRTC$OFF                                                (abs)        000000
__CFG_WRTD$OFF                                                (abs)        000000
__CFG_WRTSAF$OFF                                              (abs)        000000
__CFG_XINST$OFF                                               (abs)        000000
__CFG_ZCD$OFF                                                 (abs)        000000
__HRAM                                                        (abs)        000000
__Habs1                                                       abs1         000000
__Hbank10                                                     bank10       000000
__Hbank11                                                     bank11       000000
__Hbank12                                                     bank12       000000
__Hbank13                                                     bank13       000000
__Hbank14                                                     bank14       000000
__Hbank15                                                     bank15       000000
__Hbank16                                                     bank16       000000
__Hbank17                                                     bank17       000000
__Hbank18                                                     bank18       000000
__Hbank19                                                     bank19       000000
__Hbank20                                                     bank20       000000
__Hbank21                                                     bank21       000000
__Hbank22                                                     bank22       000000
__Hbank23                                                     bank23       000000
__Hbank24                                                     bank24       000000
__Hbank25                                                     bank25       000000
__Hbank26                                                     bank26       000000
__Hbank27                                                     bank27       000000
__Hbank28                                                     bank28       000000
__Hbank29                                                     bank29       000000
__Hbank30                                                     bank30       000000
__Hbank31                                                     bank31       000000
__Hbank32                                                     bank32       000000
__Hbank33                                                     bank33       000000
__Hbank34                                                     bank34       000000
__Hbank35                                                     bank35       000000
__Hbank36                                                     bank36       000000
__Hbank5                                                      bank5        000000
__Hbank6                                                      bank6        000000
__Hbank7                                                      bank7        000000
__Hbank8                                                      bank8        000000
__Hbank9                                                      bank9        000000
__Hbigbss                                                     bigbss       000000
__Hbigdata                                                    bigdata      000000
__Hbigram                                                     bigram       000000
__Hbss                                                        bss          000000
__HbssCOMRAM                                                  bssCOMRAM    000000
__Hcinit                                                      cinit        000000
__Hclrtext                                                    clrtext      000000
__Hcomram                                                     comram       000000
__Hconfig                                                     config       30000A
__Hconst                                                      const        000000
__HcstackCOMRAM                                               cstackCOMRAM 000000
__Hdata                                                       data         000000
__Heeprom_data                                                eeprom_data  000000
__Hfarbss                                                     farbss       000000
__Hfardata                                                    fardata      000000
__Hibigdata                                                   ibigdata     000000
__Hidata                                                      idata        000000
__Hidloc                                                      idloc        200020
__Hifardata                                                   ifardata     000000
__Hinit                                                       init         020000
__Hintsave_regs                                               intsave_regs 000000
__Hirdata                                                     irdata       000000
__Hmediumconst                                                mediumconst  000000
__HnvCOMRAM                                                   nvCOMRAM     000000
__HnvFARRAM                                                   nvFARRAM     000000
__Hnvbit                                                      nvbit        000000
__Hnvrram                                                     nvrram       000000
__Hparam                                                      rparam       000000
__Hpowerup                                                    powerup      000000
__Hram                                                        ram          000000
__Hramtop                                                     ramtop       002500
__Hrbit                                                       rbit         000000
__Hrbss                                                       rbss         000000
__Hrdata                                                      rdata        000000
__Hreset_vec                                                  reset_vec    000004
__Hrparam                                                     rparam       000000
__Hsfr                                                        sfr          000000
__Hsmallconst                                                 smallconst   000000
__Hspace_0                                                    (abs)        30000A
__Hspace_1                                                    (abs)        000517
__Hspace_2                                                    (abs)        000000
__Hstack                                                      stack        000000
__Hstruct                                                     struct       000000
__Htemp                                                       temp         000000
__Htext                                                       text         000000
__Htext0                                                      text0        000000
__Htext1                                                      text1        000000
__Htext10                                                     text10       000000
__Htext11                                                     text11       000000
__Htext12                                                     text12       000000
__Htext13                                                     text13       000000
__Htext14                                                     text14       000000
__Htext2                                                      text2        000000
__Htext3                                                      text3        000000
__Htext4                                                      text4        000000
__Htext5                                                      text5        000000
__Htext6                                                      text6        000000
__Htext7                                                      text7        000000
__Htext8                                                      text8        000000
__Htext9                                                      text9        000000
__LRAM                                                        (abs)        000001
__Labs1                                                       abs1         000000
__Lbank10                                                     bank10       000000
__Lbank11                                                     bank11       000000
__Lbank12                                                     bank12       000000
__Lbank13                                                     bank13       000000
__Lbank14                                                     bank14       000000
__Lbank15                                                     bank15       000000
__Lbank16                                                     bank16       000000
__Lbank17                                                     bank17       000000
__Lbank18                                                     bank18       000000
__Lbank19                                                     bank19       000000
__Lbank20                                                     bank20       000000
__Lbank21                                                     bank21       000000
__Lbank22                                                     bank22       000000
__Lbank23                                                     bank23       000000
__Lbank24                                                     bank24       000000
__Lbank25                                                     bank25       000000
__Lbank26                                                     bank26       000000
__Lbank27                                                     bank27       000000
__Lbank28                                                     bank28       000000
__Lbank29                                                     bank29       000000
__Lbank30                                                     bank30       000000
__Lbank31                                                     bank31       000000
__Lbank32                                                     bank32       000000
__Lbank33                                                     bank33       000000
__Lbank34                                                     bank34       000000
__Lbank35                                                     bank35       000000
__Lbank36                                                     bank36       000000
__Lbank5                                                      bank5        000000
__Lbank6                                                      bank6        000000
__Lbank7                                                      bank7        000000
__Lbank8                                                      bank8        000000
__Lbank9                                                      bank9        000000
__Lbigbss                                                     bigbss       000000
__Lbigdata                                                    bigdata      000000
__Lbigram                                                     bigram       000000
__Lbss                                                        bss          000000
__LbssCOMRAM                                                  bssCOMRAM    000000
__Lcinit                                                      cinit        000000
__Lclrtext                                                    clrtext      000000
__Lcomram                                                     comram       000000
__Lconfig                                                     config       300000
__Lconst                                                      const        000000
__LcstackCOMRAM                                               cstackCOMRAM 000000
__Ldata                                                       data         000000
__Leeprom_data                                                eeprom_data  000000
__Lfarbss                                                     farbss       000000
__Lfardata                                                    fardata      000000
__Libigdata                                                   ibigdata     000000
__Lidata                                                      idata        000000
__Lidloc                                                      idloc        200000
__Lifardata                                                   ifardata     000000
__Linit                                                       init         01FFFC
__Lintsave_regs                                               intsave_regs 000000
__Lirdata                                                     irdata       000000
__Lmediumconst                                                mediumconst  000000
__LnvCOMRAM                                                   nvCOMRAM     000000
__LnvFARRAM                                                   nvFARRAM     000000
__Lnvbit                                                      nvbit        000000
__Lnvrram                                                     nvrram       000000
__Lparam                                                      rparam       000000
__Lpowerup                                                    powerup      000000
__Lram                                                        ram          000000
__Lramtop                                                     ramtop       002500
__Lrbit                                                       rbit         000000
__Lrbss                                                       rbss         000000
__Lrdata                                                      rdata        000000
__Lreset_vec                                                  reset_vec    000000
__Lrparam                                                     rparam       000000
__Lsfr                                                        sfr          000000
__Lsmallconst                                                 smallconst   000000
__Lspace_0                                                    (abs)        000000
__Lspace_1                                                    (abs)        000000
__Lspace_2                                                    (abs)        000000
__Lstack                                                      stack        000000
__Lstruct                                                     struct       000000
__Ltemp                                                       temp         000000
__Ltext                                                       text         000000
__Ltext0                                                      text0        000000
__Ltext1                                                      text1        000000
__Ltext10                                                     text10       000000
__Ltext11                                                     text11       000000
__Ltext12                                                     text12       000000
__Ltext13                                                     text13       000000
__Ltext14                                                     text14       000000
__Ltext2                                                      text2        000000
__Ltext3                                                      text3        000000
__Ltext4                                                      text4        000000
__Ltext5                                                      text5        000000
__Ltext6                                                      text6        000000
__Ltext7                                                      text7        000000
__Ltext8                                                      text8        000000
__Ltext9                                                      text9        000000
__S0                                                          (abs)        30000A
__S1                                                          (abs)        000517
__S2                                                          (abs)        000000
___inthi_sp                                                   stack        000000
___intlo_sp                                                   stack        000000
___param_bank                                                 (abs)        000000
___rparam_used                                                (abs)        000001
___sp                                                         stack        000000
__accesstop                                                   (abs)        000560
__activetblptr                                                (abs)        000003
__end_of_DMA1_Initialize                                      text14       01FE64
__end_of_OSCILLATOR_Initialize                                text13       01FDD6
__end_of_PIN_MANAGER_Initialize                               text12       01FFFC
__end_of_PMD_Initialize                                       text11       01FE18
__end_of_PWM1_16BIT_Initialize                                text7        01FF46
__end_of_PWM1_16BIT_Period_SetInterruptHandler                text10       01FD56
__end_of_PWM1_16BIT_Slice1Output1_SetInterruptHandler         text9        01FD6A
__end_of_PWM1_16BIT_Slice1Output2_SetInterruptHandler         text8        01FD7E
__end_of_SYSTEM_Initialize                                    text1        01FDF4
__end_of_SystemArbiter_Initialize                             text6        01FD42
__end_of_UART3_Initialize                                     text2        01FECC
__end_of_UART3_SetErrorHandler                                text5        01FD92
__end_of_UART3_SetFramingErrorHandler                         text4        01FDA6
__end_of_UART3_SetOverrunErrorHandler                         text3        01FDBA
__end_of__initialization                                      cinit        01FD22
__end_of_main                                                 text0        01FD34
__initialization                                              cinit        01FD20
__mediumconst                                                 mediumconst  000000
__pbssCOMRAM                                                  bssCOMRAM    000516
__pcinit                                                      cinit        01FD20
__pcstackCOMRAM                                               cstackCOMRAM 000513
__pnvCOMRAM                                                   nvCOMRAM     000501
__ptext0                                                      text0        01FD28
__ptext1                                                      text1        01FDD6
__ptext10                                                     text10       01FD42
__ptext11                                                     text11       01FDF4
__ptext12                                                     text12       01FF46
__ptext13                                                     text13       01FDBA
__ptext14                                                     text14       01FE18
__ptext2                                                      text2        01FE64
__ptext3                                                      text3        01FDA6
__ptext4                                                      text4        01FD92
__ptext5                                                      text5        01FD7E
__ptext6                                                      text6        01FD34
__ptext7                                                      text7        01FECC
__ptext8                                                      text8        01FD6A
__ptext9                                                      text9        01FD56
__ramtop                                                      ramtop       002500
__size_of_DMA1_Initialize                                     (abs)        000000
__size_of_OSCILLATOR_Initialize                               (abs)        000000
__size_of_PIN_MANAGER_Initialize                              (abs)        000000
__size_of_PMD_Initialize                                      (abs)        000000
__size_of_PWM1_16BIT_Initialize                               (abs)        000000
__size_of_PWM1_16BIT_Period_SetInterruptHandler               (abs)        000000
__size_of_PWM1_16BIT_Slice1Output1_SetInterruptHandler        (abs)        000000
__size_of_PWM1_16BIT_Slice1Output2_SetInterruptHandler        (abs)        000000
__size_of_SYSTEM_Initialize                                   (abs)        000000
__size_of_SystemArbiter_Initialize                            (abs)        000000
__size_of_UART3_Initialize                                    (abs)        000000
__size_of_UART3_SetErrorHandler                               (abs)        000000
__size_of_UART3_SetFramingErrorHandler                        (abs)        000000
__size_of_UART3_SetOverrunErrorHandler                        (abs)        000000
__size_of_main                                                (abs)        000000
__smallconst                                                  smallconst   000000
_main                                                         text0        01FD28
_uart3RxLastError                                             bssCOMRAM    000516
end_of_initialization                                         cinit        01FD22
intlevel0                                                     text         000000
intlevel1                                                     text         000000
intlevel2                                                     text         000000
intlevel3                                                     text         000000
stackhi                                                       (abs)        0024FF
stacklo                                                       (abs)        000560
start                                                         init         01FFFC
start_initialization                                          cinit        01FD20


FUNCTION INFORMATION:

 *************** function _main *****************
 Defined at:
		line 49 in file "main.c"
 Parameters:    Size  Location     Type
		None
 Auto vars:     Size  Location     Type
		None
 Return value:  Size  Location     Type
                  1    wreg      void 
 Registers used:
		wreg, status,2, status,0, cstack
 Tracked objects:
		On entry : 
		On exit  : 
		Unchanged: 
 Data sizes:     COMRAM   BANK5   BANK6   BANK7   BANK8   BANK9  BANK10  BANK11  BANK12  BANK13  BANK14  BANK15  BANK16  BANK17  BANK18  BANK19  BANK20  BANK21  BANK22  BANK23  BANK24  BANK25  BANK26  BANK27  BANK28  BANK29  BANK30  BANK31  BANK32  BANK33  BANK34  BANK35  BANK36
      Params:         0       0       0       0       0       0       0       0       0       0       0       0       0       0       0       0       0       0       0       0       0       0       0       0       0       0       0       0       0       0       0       0       0
      Locals:         0       0       0       0       0       0       0       0       0       0       0       0       0       0       0       0       0       0       0       0       0       0       0       0       0       0       0       0       0       0       0       0       0
      Temps:          0       0       0       0       0       0       0       0       0       0       0       0       0       0       0       0       0       0       0       0       0       0       0       0       0       0       0       0       0       0       0       0       0
      Totals:         0       0       0       0       0       0       0       0       0       0       0       0       0       0       0       0       0       0       0       0       0       0       0       0       0       0       0       0       0       0       0       0       0
Total ram usage:        0 bytes
 Hardware stack levels required when called:    3
 This function calls:
		_SYSTEM_Initialize
 This function is called by:
		Startup code after reset
 This function uses a non-reentrant model


 *************** function _SYSTEM_Initialize *****************
 Defined at:
		line 50 in file "mcc_generated_files/mcc.c"
 Parameters:    Size  Location     Type
		None
 Auto vars:     Size  Location     Type
		None
 Return value:  Size  Location     Type
                  1    wreg      void 
 Registers used:
		wreg, status,2, status,0, cstack
 Tracked objects:
		On entry : 
		On exit  : 
		Unchanged: 
 Data sizes:     COMRAM   BANK5   BANK6   BANK7   BANK8   BANK9  BANK10  BANK11  BANK12  BANK13  BANK14  BANK15  BANK16  BANK17  BANK18  BANK19  BANK20  BANK21  BANK22  BANK23  BANK24  BANK25  BANK26  BANK27  BANK28  BANK29  BANK30  BANK31  BANK32  BANK33  BANK34  BANK35  BANK36
      Params:         0       0       0       0       0       0       0       0       0       0       0       0       0       0       0       0       0       0       0       0       0       0       0       0       0       0       0       0       0       0       0       0       0
      Locals:         0       0       0       0       0       0       0       0       0       0       0       0       0       0       0       0       0       0       0       0       0       0       0       0       0       0       0       0       0       0       0       0       0
      Temps:          0       0       0       0       0       0       0       0       0       0       0       0       0       0       0       0       0       0       0       0       0       0       0       0       0       0       0       0       0       0       0       0       0
      Totals:         0       0       0       0       0       0       0       0       0       0       0       0       0       0       0       0       0       0       0       0       0       0       0       0       0       0       0       0       0       0       0       0       0
Total ram usage:        0 bytes
 Hardware stack levels used:    1
 Hardware stack levels required when called:    2
 This function calls:
		_DMA1_Initialize
		_OSCILLATOR_Initialize
		_PIN_MANAGER_Initialize
		_PMD_Initialize
		_PWM1_16BIT_Initialize
		_SystemArbiter_Initialize
		_UART3_Initialize
 This function is called by:
		_main
 This function uses a non-reentrant model


 *************** function _UART3_Initialize *****************
 Defined at:
		line 66 in file "mcc_generated_files/uart3.c"
 Parameters:    Size  Location     Type
		None
 Auto vars:     Size  Location     Type
		None
 Return value:  Size  Location     Type
                  1    wreg      void 
 Registers used:
		wreg, status,2, status,0, cstack
 Tracked objects:
		On entry : 
		On exit  : 
		Unchanged: 
 Data sizes:     COMRAM   BANK5   BANK6   BANK7   BANK8   BANK9  BANK10  BANK11  BANK12  BANK13  BANK14  BANK15  BANK16  BANK17  BANK18  BANK19  BANK20  BANK21  BANK22  BANK23  BANK24  BANK25  BANK26  BANK27  BANK28  BANK29  BANK30  BANK31  BANK32  BANK33  BANK34  BANK35  BANK36
      Params:         0       0       0       0       0       0       0       0       0       0       0       0       0       0       0       0       0       0       0       0       0       0       0       0       0       0       0       0       0       0       0       0       0
      Locals:         0       0       0       0       0       0       0       0       0       0       0       0       0       0       0       0       0       0       0       0       0       0       0       0       0       0       0       0       0       0       0       0       0
      Temps:          0       0       0       0       0       0       0       0       0       0       0       0       0       0       0       0       0       0       0       0       0       0       0       0       0       0       0       0       0       0       0       0       0
      Totals:         0       0       0       0       0       0       0       0       0       0       0       0       0       0       0       0       0       0       0       0       0       0       0       0       0       0       0       0       0       0       0       0       0
Total ram usage:        0 bytes
 Hardware stack levels used:    1
 Hardware stack levels required when called:    1
 This function calls:
		_UART3_SetErrorHandler
		_UART3_SetFramingErrorHandler
		_UART3_SetOverrunErrorHandler
 This function is called by:
		_SYSTEM_Initialize
 This function uses a non-reentrant model


 *************** function _UART3_SetOverrunErrorHandler *****************
 Defined at:
		line 185 in file "mcc_generated_files/uart3.c"
 Parameters:    Size  Location     Type
  interruptHan    3    0[COMRAM] PTR FTN()void 
		 -> UART3_DefaultOverrunErrorHandler(1), 
 Auto vars:     Size  Location     Type
		None
 Return value:  Size  Location     Type
                  1    wreg      void 
 Registers used:
		wreg, status,2, status,0
 Tracked objects:
		On entry : 
		On exit  : 
		Unchanged: 
 Data sizes:     COMRAM   BANK5   BANK6   BANK7   BANK8   BANK9  BANK10  BANK11  BANK12  BANK13  BANK14  BANK15  BANK16  BANK17  BANK18  BANK19  BANK20  BANK21  BANK22  BANK23  BANK24  BANK25  BANK26  BANK27  BANK28  BANK29  BANK30  BANK31  BANK32  BANK33  BANK34  BANK35  BANK36
      Params:         3       0       0       0       0       0       0       0       0       0       0       0       0       0       0       0       0       0       0       0       0       0       0       0       0       0       0       0       0       0       0       0       0
      Locals:         0       0       0       0       0       0       0       0       0       0       0       0       0       0       0       0       0       0       0       0       0       0       0       0       0       0       0       0       0       0       0       0       0
      Temps:          0       0       0       0       0       0       0       0       0       0       0       0       0       0       0       0       0       0       0       0       0       0       0       0       0       0       0       0       0       0       0       0       0
      Totals:         3       0       0       0       0       0       0       0       0       0       0       0       0       0       0       0       0       0       0       0       0       0       0       0       0       0       0       0       0       0       0       0       0
Total ram usage:        3 bytes
 Hardware stack levels used:    1
 This function calls:
		Nothing
 This function is called by:
		_UART3_Initialize
 This function uses a non-reentrant model


 *************** function _UART3_SetFramingErrorHandler *****************
 Defined at:
		line 181 in file "mcc_generated_files/uart3.c"
 Parameters:    Size  Location     Type
  interruptHan    3    0[COMRAM] PTR FTN()void 
		 -> UART3_DefaultFramingErrorHandler(1), 
 Auto vars:     Size  Location     Type
		None
 Return value:  Size  Location     Type
                  1    wreg      void 
 Registers used:
		wreg, status,2, status,0
 Tracked objects:
		On entry : 
		On exit  : 
		Unchanged: 
 Data sizes:     COMRAM   BANK5   BANK6   BANK7   BANK8   BANK9  BANK10  BANK11  BANK12  BANK13  BANK14  BANK15  BANK16  BANK17  BANK18  BANK19  BANK20  BANK21  BANK22  BANK23  BANK24  BANK25  BANK26  BANK27  BANK28  BANK29  BANK30  BANK31  BANK32  BANK33  BANK34  BANK35  BANK36
      Params:         3       0       0       0       0       0       0       0       0       0       0       0       0       0       0       0       0       0       0       0       0       0       0       0       0       0       0       0       0       0       0       0       0
      Locals:         0       0       0       0       0       0       0       0       0       0       0       0       0       0       0       0       0       0       0       0       0       0       0       0       0       0       0       0       0       0       0       0       0
      Temps:          0       0       0       0       0       0       0       0       0       0       0       0       0       0       0       0       0       0       0       0       0       0       0       0       0       0       0       0       0       0       0       0       0
      Totals:         3       0       0       0       0       0       0       0       0       0       0       0       0       0       0       0       0       0       0       0       0       0       0       0       0       0       0       0       0       0       0       0       0
Total ram usage:        3 bytes
 Hardware stack levels used:    1
 This function calls:
		Nothing
 This function is called by:
		_UART3_Initialize
 This function uses a non-reentrant model


 *************** function _UART3_SetErrorHandler *****************
 Defined at:
		line 189 in file "mcc_generated_files/uart3.c"
 Parameters:    Size  Location     Type
  interruptHan    3    0[COMRAM] PTR FTN()void 
		 -> UART3_DefaultErrorHandler(1), 
 Auto vars:     Size  Location     Type
		None
 Return value:  Size  Location     Type
                  1    wreg      void 
 Registers used:
		wreg, status,2, status,0
 Tracked objects:
		On entry : 
		On exit  : 
		Unchanged: 
 Data sizes:     COMRAM   BANK5   BANK6   BANK7   BANK8   BANK9  BANK10  BANK11  BANK12  BANK13  BANK14  BANK15  BANK16  BANK17  BANK18  BANK19  BANK20  BANK21  BANK22  BANK23  BANK24  BANK25  BANK26  BANK27  BANK28  BANK29  BANK30  BANK31  BANK32  BANK33  BANK34  BANK35  BANK36
      Params:         3       0       0       0       0       0       0       0       0       0       0       0       0       0       0       0       0       0       0       0       0       0       0       0       0       0       0       0       0       0       0       0       0
      Locals:         0       0       0       0       0       0       0       0       0       0       0       0       0       0       0       0       0       0       0       0       0       0       0       0       0       0       0       0       0       0       0       0       0
      Temps:          0       0       0       0       0       0       0       0       0       0       0       0       0       0       0       0       0       0       0       0       0       0       0       0       0       0       0       0       0       0       0       0       0
      Totals:         3       0       0       0       0       0       0       0       0       0       0       0       0       0       0       0       0       0       0       0       0       0       0       0       0       0       0       0       0       0       0       0       0
Total ram usage:        3 bytes
 Hardware stack levels used:    1
 This function calls:
		Nothing
 This function is called by:
		_UART3_Initialize
 This function uses a non-reentrant model


 *************** function _SystemArbiter_Initialize *****************
 Defined at:
		line 98 in file "mcc_generated_files/mcc.c"
 Parameters:    Size  Location     Type
		None
 Auto vars:     Size  Location     Type
		None
 Return value:  Size  Location     Type
                  1    wreg      void 
 Registers used:
		wreg, status,2
 Tracked objects:
		On entry : 
		On exit  : 
		Unchanged: 
 Data sizes:     COMRAM   BANK5   BANK6   BANK7   BANK8   BANK9  BANK10  BANK11  BANK12  BANK13  BANK14  BANK15  BANK16  BANK17  BANK18  BANK19  BANK20  BANK21  BANK22  BANK23  BANK24  BANK25  BANK26  BANK27  BANK28  BANK29  BANK30  BANK31  BANK32  BANK33  BANK34  BANK35  BANK36
      Params:         0       0       0       0       0       0       0       0       0       0       0       0       0       0       0       0       0       0       0       0       0       0       0       0       0       0       0       0       0       0       0       0       0
      Locals:         0       0       0       0       0       0       0       0       0       0       0       0       0       0       0       0       0       0       0       0       0       0       0       0       0       0       0       0       0       0       0       0       0
      Temps:          0       0       0       0       0       0       0       0       0       0       0       0       0       0       0       0       0       0       0       0       0       0       0       0       0       0       0       0       0       0       0       0       0
      Totals:         0       0       0       0       0       0       0       0       0       0       0       0       0       0       0       0       0       0       0       0       0       0       0       0       0       0       0       0       0       0       0       0       0
Total ram usage:        0 bytes
 Hardware stack levels used:    1
 This function calls:
		Nothing
 This function is called by:
		_SYSTEM_Initialize
 This function uses a non-reentrant model


 *************** function _PWM1_16BIT_Initialize *****************
 Defined at:
		line 63 in file "mcc_generated_files/pwm1_16bit.c"
 Parameters:    Size  Location     Type
		None
 Auto vars:     Size  Location     Type
		None
 Return value:  Size  Location     Type
                  1    wreg      void 
 Registers used:
		wreg, status,2, status,0, cstack
 Tracked objects:
		On entry : 
		On exit  : 
		Unchanged: 
 Data sizes:     COMRAM   BANK5   BANK6   BANK7   BANK8   BANK9  BANK10  BANK11  BANK12  BANK13  BANK14  BANK15  BANK16  BANK17  BANK18  BANK19  BANK20  BANK21  BANK22  BANK23  BANK24  BANK25  BANK26  BANK27  BANK28  BANK29  BANK30  BANK31  BANK32  BANK33  BANK34  BANK35  BANK36
      Params:         0       0       0       0       0       0       0       0       0       0       0       0       0       0       0       0       0       0       0       0       0       0       0       0       0       0       0       0       0       0       0       0       0
      Locals:         0       0       0       0       0       0       0       0       0       0       0       0       0       0       0       0       0       0       0       0       0       0       0       0       0       0       0       0       0       0       0       0       0
      Temps:          0       0       0       0       0       0       0       0       0       0       0       0       0       0       0       0       0       0       0       0       0       0       0       0       0       0       0       0       0       0       0       0       0
      Totals:         0       0       0       0       0       0       0       0       0       0       0       0       0       0       0       0       0       0       0       0       0       0       0       0       0       0       0       0       0       0       0       0       0
Total ram usage:        0 bytes
 Hardware stack levels used:    1
 Hardware stack levels required when called:    1
 This function calls:
		_PWM1_16BIT_Period_SetInterruptHandler
		_PWM1_16BIT_Slice1Output1_SetInterruptHandler
		_PWM1_16BIT_Slice1Output2_SetInterruptHandler
 This function is called by:
		_SYSTEM_Initialize
 This function uses a non-reentrant model


 *************** function _PWM1_16BIT_Slice1Output2_SetInterruptHandler *****************
 Defined at:
		line 197 in file "mcc_generated_files/pwm1_16bit.c"
 Parameters:    Size  Location     Type
  InterruptHan    3    0[COMRAM] PTR FTN()void 
		 -> PWM1_16BIT_Slice1Output2_DefaultInterruptHandler(1), 
 Auto vars:     Size  Location     Type
		None
 Return value:  Size  Location     Type
                  1    wreg      void 
 Registers used:
		wreg, status,2, status,0
 Tracked objects:
		On entry : 
		On exit  : 
		Unchanged: 
 Data sizes:     COMRAM   BANK5   BANK6   BANK7   BANK8   BANK9  BANK10  BANK11  BANK12  BANK13  BANK14  BANK15  BANK16  BANK17  BANK18  BANK19  BANK20  BANK21  BANK22  BANK23  BANK24  BANK25  BANK26  BANK27  BANK28  BANK29  BANK30  BANK31  BANK32  BANK33  BANK34  BANK35  BANK36
      Params:         3       0       0       0       0       0       0       0       0       0       0       0       0       0       0       0       0       0       0       0       0       0       0       0       0       0       0       0       0       0       0       0       0
      Locals:         0       0       0       0       0       0       0       0       0       0       0       0       0       0       0       0       0       0       0       0       0       0       0       0       0       0       0       0       0       0       0       0       0
      Temps:          0       0       0       0       0       0       0       0       0       0       0       0       0       0       0       0       0       0       0       0       0       0       0       0       0       0       0       0       0       0       0       0       0
      Totals:         3       0       0       0       0       0       0       0       0       0       0       0       0       0       0       0       0       0       0       0       0       0       0       0       0       0       0       0       0       0       0       0       0
Total ram usage:        3 bytes
 Hardware stack levels used:    1
 This function calls:
		Nothing
 This function is called by:
		_PWM1_16BIT_Initialize
 This function uses a non-reentrant model


 *************** function _PWM1_16BIT_Slice1Output1_SetInterruptHandler *****************
 Defined at:
		line 192 in file "mcc_generated_files/pwm1_16bit.c"
 Parameters:    Size  Location     Type
  InterruptHan    3    0[COMRAM] PTR FTN()void 
		 -> PWM1_16BIT_Slice1Output1_DefaultInterruptHandler(1), 
 Auto vars:     Size  Location     Type
		None
 Return value:  Size  Location     Type
                  1    wreg      void 
 Registers used:
		wreg, status,2, status,0
 Tracked objects:
		On entry : 
		On exit  : 
		Unchanged: 
 Data sizes:     COMRAM   BANK5   BANK6   BANK7   BANK8   BANK9  BANK10  BANK11  BANK12  BANK13  BANK14  BANK15  BANK16  BANK17  BANK18  BANK19  BANK20  BANK21  BANK22  BANK23  BANK24  BANK25  BANK26  BANK27  BANK28  BANK29  BANK30  BANK31  BANK32  BANK33  BANK34  BANK35  BANK36
      Params:         3       0       0       0       0       0       0       0       0       0       0       0       0       0       0       0       0       0       0       0       0       0       0       0       0       0       0       0       0       0       0       0       0
      Locals:         0       0       0       0       0       0       0       0       0       0       0       0       0       0       0       0       0       0       0       0       0       0       0       0       0       0       0       0       0       0       0       0       0
      Temps:          0       0       0       0       0       0       0       0       0       0       0       0       0       0       0       0       0       0       0       0       0       0       0       0       0       0       0       0       0       0       0       0       0
      Totals:         3       0       0       0       0       0       0       0       0       0       0       0       0       0       0       0       0       0       0       0       0       0       0       0       0       0       0       0       0       0       0       0       0
Total ram usage:        3 bytes
 Hardware stack levels used:    1
 This function calls:
		Nothing
 This function is called by:
		_PWM1_16BIT_Initialize
 This function uses a non-reentrant model


 *************** function _PWM1_16BIT_Period_SetInterruptHandler *****************
 Defined at:
		line 202 in file "mcc_generated_files/pwm1_16bit.c"
 Parameters:    Size  Location     Type
  InterruptHan    3    0[COMRAM] PTR FTN()void 
		 -> PWM1_16BIT_Period_DefaultInterruptHandler(1), 
 Auto vars:     Size  Location     Type
		None
 Return value:  Size  Location     Type
                  1    wreg      void 
 Registers used:
		wreg, status,2, status,0
 Tracked objects:
		On entry : 
		On exit  : 
		Unchanged: 
 Data sizes:     COMRAM   BANK5   BANK6   BANK7   BANK8   BANK9  BANK10  BANK11  BANK12  BANK13  BANK14  BANK15  BANK16  BANK17  BANK18  BANK19  BANK20  BANK21  BANK22  BANK23  BANK24  BANK25  BANK26  BANK27  BANK28  BANK29  BANK30  BANK31  BANK32  BANK33  BANK34  BANK35  BANK36
      Params:         3       0       0       0       0       0       0       0       0       0       0       0       0       0       0       0       0       0       0       0       0       0       0       0       0       0       0       0       0       0       0       0       0
      Locals:         0       0       0       0       0       0       0       0       0       0       0       0       0       0       0       0       0       0       0       0       0       0       0       0       0       0       0       0       0       0       0       0       0
      Temps:          0       0       0       0       0       0       0       0       0       0       0       0       0       0       0       0       0       0       0       0       0       0       0       0       0       0       0       0       0       0       0       0       0
      Totals:         3       0       0       0       0       0       0       0       0       0       0       0       0       0       0       0       0       0       0       0       0       0       0       0       0       0       0       0       0       0       0       0       0
Total ram usage:        3 bytes
 Hardware stack levels used:    1
 This function calls:
		Nothing
 This function is called by:
		_PWM1_16BIT_Initialize
 This function uses a non-reentrant model


 *************** function _PMD_Initialize *****************
 Defined at:
		line 77 in file "mcc_generated_files/mcc.c"
 Parameters:    Size  Location     Type
		None
 Auto vars:     Size  Location     Type
		None
 Return value:  Size  Location     Type
                  1    wreg      void 
 Registers used:
		wreg, status,2
 Tracked objects:
		On entry : 
		On exit  : 
		Unchanged: 
 Data sizes:     COMRAM   BANK5   BANK6   BANK7   BANK8   BANK9  BANK10  BANK11  BANK12  BANK13  BANK14  BANK15  BANK16  BANK17  BANK18  BANK19  BANK20  BANK21  BANK22  BANK23  BANK24  BANK25  BANK26  BANK27  BANK28  BANK29  BANK30  BANK31  BANK32  BANK33  BANK34  BANK35  BANK36
      Params:         0       0       0       0       0       0       0       0       0       0       0       0       0       0       0       0       0       0       0       0       0       0       0       0       0       0       0       0       0       0       0       0       0
      Locals:         0       0       0       0       0       0       0       0       0       0       0       0       0       0       0       0       0       0       0       0       0       0       0       0       0       0       0       0       0       0       0       0       0
      Temps:          0       0       0       0       0       0       0       0       0       0       0       0       0       0       0       0       0       0       0       0       0       0       0       0       0       0       0       0       0       0       0       0       0
      Totals:         0       0       0       0       0       0       0       0       0       0       0       0       0       0       0       0       0       0       0       0       0       0       0       0       0       0       0       0       0       0       0       0       0
Total ram usage:        0 bytes
 Hardware stack levels used:    1
 This function calls:
		Nothing
 This function is called by:
		_SYSTEM_Initialize
 This function uses a non-reentrant model


 *************** function _PIN_MANAGER_Initialize *****************
 Defined at:
		line 55 in file "mcc_generated_files/pin_manager.c"
 Parameters:    Size  Location     Type
		None
 Auto vars:     Size  Location     Type
		None
 Return value:  Size  Location     Type
                  1    wreg      void 
 Registers used:
		wreg, status,2
 Tracked objects:
		On entry : 
		On exit  : 
		Unchanged: 
 Data sizes:     COMRAM   BANK5   BANK6   BANK7   BANK8   BANK9  BANK10  BANK11  BANK12  BANK13  BANK14  BANK15  BANK16  BANK17  BANK18  BANK19  BANK20  BANK21  BANK22  BANK23  BANK24  BANK25  BANK26  BANK27  BANK28  BANK29  BANK30  BANK31  BANK32  BANK33  BANK34  BANK35  BANK36
      Params:         0       0       0       0       0       0       0       0       0       0       0       0       0       0       0       0       0       0       0       0       0       0       0       0       0       0       0       0       0       0       0       0       0
      Locals:         0       0       0       0       0       0       0       0       0       0       0       0       0       0       0       0       0       0       0       0       0       0       0       0       0       0       0       0       0       0       0       0       0
      Temps:          0       0       0       0       0       0       0       0       0       0       0       0       0       0       0       0       0       0       0       0       0       0       0       0       0       0       0       0       0       0       0       0       0
      Totals:         0       0       0       0       0       0       0       0       0       0       0       0       0       0       0       0       0       0       0       0       0       0       0       0       0       0       0       0       0       0       0       0       0
Total ram usage:        0 bytes
 Hardware stack levels used:    1
 This function calls:
		Nothing
 This function is called by:
		_SYSTEM_Initialize
 This function uses a non-reentrant model


 *************** function _OSCILLATOR_Initialize *****************
 Defined at:
		line 61 in file "mcc_generated_files/mcc.c"
 Parameters:    Size  Location     Type
		None
 Auto vars:     Size  Location     Type
		None
 Return value:  Size  Location     Type
                  1    wreg      void 
 Registers used:
		wreg, status,2
 Tracked objects:
		On entry : 
		On exit  : 
		Unchanged: 
 Data sizes:     COMRAM   BANK5   BANK6   BANK7   BANK8   BANK9  BANK10  BANK11  BANK12  BANK13  BANK14  BANK15  BANK16  BANK17  BANK18  BANK19  BANK20  BANK21  BANK22  BANK23  BANK24  BANK25  BANK26  BANK27  BANK28  BANK29  BANK30  BANK31  BANK32  BANK33  BANK34  BANK35  BANK36
      Params:         0       0       0       0       0       0       0       0       0       0       0       0       0       0       0       0       0       0       0       0       0       0       0       0       0       0       0       0       0       0       0       0       0
      Locals:         0       0       0       0       0       0       0       0       0       0       0       0       0       0       0       0       0       0       0       0       0       0       0       0       0       0       0       0       0       0       0       0       0
      Temps:          0       0       0       0       0       0       0       0       0       0       0       0       0       0       0       0       0       0       0       0       0       0       0       0       0       0       0       0       0       0       0       0       0
      Totals:         0       0       0       0       0       0       0       0       0       0       0       0       0       0       0       0       0       0       0       0       0       0       0       0       0       0       0       0       0       0       0       0       0
Total ram usage:        0 bytes
 Hardware stack levels used:    1
 This function calls:
		Nothing
 This function is called by:
		_SYSTEM_Initialize
 This function uses a non-reentrant model


 *************** function _DMA1_Initialize *****************
 Defined at:
		line 59 in file "mcc_generated_files/dma1.c"
 Parameters:    Size  Location     Type
		None
 Auto vars:     Size  Location     Type
		None
 Return value:  Size  Location     Type
                  1    wreg      void 
 Registers used:
		wreg, status,2
 Tracked objects:
		On entry : 
		On exit  : 
		Unchanged: 
 Data sizes:     COMRAM   BANK5   BANK6   BANK7   BANK8   BANK9  BANK10  BANK11  BANK12  BANK13  BANK14  BANK15  BANK16  BANK17  BANK18  BANK19  BANK20  BANK21  BANK22  BANK23  BANK24  BANK25  BANK26  BANK27  BANK28  BANK29  BANK30  BANK31  BANK32  BANK33  BANK34  BANK35  BANK36
      Params:         0       0       0       0       0       0       0       0       0       0       0       0       0       0       0       0       0       0       0       0       0       0       0       0       0       0       0       0       0       0       0       0       0
      Locals:         0       0       0       0       0       0       0       0       0       0       0       0       0       0       0       0       0       0       0       0       0       0       0       0       0       0       0       0       0       0       0       0       0
      Temps:          0       0       0       0       0       0       0       0       0       0       0       0       0       0       0       0       0       0       0       0       0       0       0       0       0       0       0       0       0       0       0       0       0
      Totals:         0       0       0       0       0       0       0       0       0       0       0       0       0       0       0       0       0       0       0       0       0       0       0       0       0       0       0       0       0       0       0       0       0
Total ram usage:        0 bytes
 Hardware stack levels used:    1
 This function calls:
		Nothing
 This function is called by:
		_SYSTEM_Initialize
 This function uses a non-reentrant model



MODULE INFORMATION

Module		Function		Class		Link	Load	Size
mcc_generated_files/pin_manager.c
		_PIN_MANAGER_Initialize		CODE           	1FF46	0000	183

mcc_generated_files/pin_manager.c estimated size: 183

mcc_generated_files/dma1.c
		_DMA1_Initialize		CODE           	1FE18	0000	77

mcc_generated_files/dma1.c estimated size: 77

mcc_generated_files/uart3.c
		_UART3_SetFramingErrorHandler		CODE           	1FD92	0000	21
		_UART3_SetOverrunErrorHandler		CODE           	1FDA6	0000	21
		_UART3_Initialize		CODE           	1FE64	0000	105
		_UART3_SetErrorHandler		CODE           	1FD7E	0000	21

mcc_generated_files/uart3.c estimated size: 168

mcc_generated_files/pwm1_16bit.c
		_PWM1_16BIT_Period_SetInterruptHandler		CODE           	1FD42	0000	21
		_PWM1_16BIT_Slice1Output1_SetInterruptHandler		CODE           	1FD56	0000	21
		_PWM1_16BIT_Slice1Output2_SetInterruptHandler		CODE           	1FD6A	0000	21
		_PWM1_16BIT_Initialize		CODE           	1FECC	0000	123

mcc_generated_files/pwm1_16bit.c estimated size: 186

shared
		__initialization		CODE           	1FD20	0000	3

shared estimated size: 3

mcc_generated_files/mcc.c
		_SystemArbiter_Initialize		CODE           	1FD34	0000	15
		_PMD_Initialize		CODE           	1FDF4	0000	37
		_OSCILLATOR_Initialize		CODE           	1FDBA	0000	29
		_SYSTEM_Initialize		CODE           	1FDD6	0000	31

mcc_generated_files/mcc.c estimated size: 112

main.c
		_main          		CODE           	1FD28	0000	13

main.c estimated size: 13

